[r.mobirisesite.com/2749625/assets/images/gallery087e43.jpg]
[backblue.gif]
[fade.gif]
[index.html]
[r.mobirisesite.com/2749625/assets/bootstrap/css/bootstrap.min.css]
[r.mobirisesite.com/2749625/assets/animatecss/animate.css]
[r.mobirisesite.com/2749625/assets/dropdown/css/style.css]
[r.mobirisesite.com/2749625/assets/theme/css/style.css]
[r.mobirisesite.com/2749625/assets/mobirise/css/mbr-additional2713.css]
[r.mobirisesite.com/2749625/assets/images/world7e43.jpg]
[r.mobirisesite.com/2749625/assets/images/gbm001-29012025-issue3437e43.jpg]
[r.mobirisesite.com/2749625/assets/images/gbm020-07052025-issue356-17e43.jpg]
[r.mobirisesite.com/2749625/assets/bootstrap/js/bootstrap.bundle.min.js]
[r.mobirisesite.com/2749625/assets/smoothscroll/smooth-scroll.js]
[r.mobirisesite.com/2749625/assets/ytplayer/index.js]
[r.mobirisesite.com/2749625/assets/dropdown/js/navbar-dropdown.js]
[r.mobirisesite.com/2749625/assets/theme/js/script.js]
[hjulczgyfz.mobirisesite.com/index.html]
[r.mobirisesite.com/2749625/assets/bootstrap/css/bootstrap.min.css]
[r.mobirisesite.com/2749625/assets/animatecss/animate.css]
[r.mobirisesite.com/2749625/assets/dropdown/css/style.css]
[r.mobirisesite.com/2749625/assets/theme/css/style.css]
[r.mobirisesite.com/2749625/assets/mobirise/css/mbr-additional2713.css]
[r.mobirisesite.com/2749625/assets/formoid/formoid.min.js]
[r.mobirisesite.com/2749625/assets/web/assets/mobirise-icons2/mobirise2.css]
[r.mobirisesite.com/2749625/assets/mobirise/css/mbr-additional73ff.css]
[r.mobirisesite.com/2749625/assets/images/freshly7e43.jpg]
[r.mobirisesite.com/2749625/assets/images/heartbeat7e43.jpg]
[r.mobirisesite.com/2749625/assets/images/ice-cream7e43.jpg]
[r.mobirisesite.com/2749625/assets/images/motoring7e43.jpg]
[r.mobirisesite.com/2749625/assets/images/scoops7e43.jpg]
[r.mobirisesite.com/2749625/assets/images/sliced-fruit-jt7e43.jpg]
[r.mobirisesite.com/2749625/assets/images/travel7e43.jpg]
[hjulczgyfz.mobirisesite.com/page2.html]
[r.mobirisesite.com/2749625/assets/images/gbm001-03042024-issue3047e43.jpg]
[r.mobirisesite.com/2749625/assets/mobirise/css/mbr-additionalf291.css]
[r.mobirisesite.com/2749625/assets/images/gbm001-06032024-issue3007e43.jpg]
[r.mobirisesite.com/2749625/assets/images/gbm001-07052025-issue3567e43.jpg]
[r.mobirisesite.com/2749625/assets/images/gbm001-14062023-issue2637e43.jpg]
[r.mobirisesite.com/2749625/assets/images/gbm001-15052024-issue3097e43.jpg]
[r.mobirisesite.com/2749625/assets/images/gbm001-17092025-issue3737e43.jpg]
[r.mobirisesite.com/2749625/assets/images/gbm001-19022025-issue3467e43.jpg]
[r.mobirisesite.com/2749625/assets/images/jet001-12102023-issue2797e43.jpg]
[r.mobirisesite.com/2749625/assets/images/jet001-18102023-issue2807e43.jpg]
[r.mobirisesite.com/2749625/assets/images/jet001-21052025-issue3587e43.jpg]
[r.mobirisesite.com/2749625/assets/images/jet001-28082024-issue323.7e43.jpg]
[hjulczgyfz.mobirisesite.com/page3.html]
[r.mobirisesite.com/2749625/assets/mobirise/css/mbr-additional9a0d.css]
[r.mobirisesite.com/2749625/assets/images/gbm005-05112025-issue3777e43.jpg]
[r.mobirisesite.com/2749625/assets/images/gbm008-13032024-issue3017e43.jpg]
[r.mobirisesite.com/2749625/assets/images/gbm011-24122025-issue3847e43.jpg]
[r.mobirisesite.com/2749625/assets/images/gbm014-13112024-issue3327e43.jpg]
[r.mobirisesite.com/2749625/assets/images/gbm014-22042026-issue4007e43.jpg]
[r.mobirisesite.com/2749625/assets/images/gbm017-07082024-issue3207e43.jpg]
[r.mobirisesite.com/2749625/assets/images/gbm019-25062025-issue3637e43.jpg]
[r.mobirisesite.com/2749625/assets/images/gbm020-05022025-issue3447e43.jpg]
[r.mobirisesite.com/2749625/assets/images/gbm020-07052025-issue3567e43.jpg]
[r.mobirisesite.com/2749625/assets/images/gbm020-10122025-issue3827e43.jpg]
[r.mobirisesite.com/2749625/assets/images/gbm021-14052025-issue3577e43.jpg]
[r.mobirisesite.com/2749625/assets/images/gbm022-08012025-issue3407e43.jpg]
[r.mobirisesite.com/2749625/assets/images/gbm022-20032024-issue3027e43.jpg]
[r.mobirisesite.com/2749625/assets/images/gbm024-24122024-issue3387e43.jpg]
[r.mobirisesite.com/2749625/assets/images/gbm029-13092023-issue2767e43.jpg]
[r.mobirisesite.com/2749625/assets/images/gbm030-13092023-issue2767e43.jpg]
[r.mobirisesite.com/2749625/assets/images/gbm031-13092023-issue2767e43.jpg]
[r.mobirisesite.com/2749625/assets/images/gbn013-27062018-issue0247e43.jpg]
[r.mobirisesite.com/2749625/assets/images/gbn014-27062018-issue0247e43.jpg]
[hjulczgyfz.mobirisesite.com/page4.html]
[r.mobirisesite.com/2749625/assets/web/assets/mobirise-icons2/mobirise21e04.eot]
[r.mobirisesite.com/2749625/assets/web/assets/mobirise-icons2/mobirise21e04.woff2]
[r.mobirisesite.com/2749625/assets/web/assets/mobirise-icons2/mobirise21e04.woff]
[r.mobirisesite.com/2749625/assets/web/assets/mobirise-icons2/mobirise21e04.ttf]
[r.mobirisesite.com/2749625/assets/web/assets/mobirise-icons2/mobirise2.css]
[r.mobirisesite.com/2749625/assets/mobirise/css/mbr-additional73ff.css]
[r.mobirisesite.com/2749625/assets/mobirise/css/mbr-additionalf291.css]
[r.mobirisesite.com/2749625/assets/images/jet001-18102023-issue2807e43.html]
[r.mobirisesite.com/2749625/assets/images/jet001-21052025-issue3587e43.html]
[r.mobirisesite.com/2749625/assets/images/jet001-28082024-issue323.7e43.html]
[r.mobirisesite.com/2749625/assets/mobirise/css/mbr-additional9a0d.css]
[r.mobirisesite.com/2749625/assets/images/gbm014-22042026-issue4007e43.html]
[r.mobirisesite.com/2749625/assets/web/assets/mobirise-icons2/mobirise21e04.svg]
[r.mobirisesite.com/2749625/assets/images/gbm022-20032024-issue3027e43.html]
[r.mobirisesite.com/2749625/assets/images/gbm020-07052025-issue3567e43.jpg]
[r.mobirisesite.com/2749625/assets/web/assets/mobirise-icons2/mobirise21e04.svg]
